// Jest Snapshot v1, https://goo.gl/fbAQLP

exports[`Calculator component should match the snapshot 1`] = `
<div>
  <div
    class="Math-Calculator"
  >
    <div
      class="result-display"
    >
      <span
        class="result"
      >
        0
      </span>
    </div>
    <div
      class="keyButtons"
    >
      <button
        class="btn"
        data="AC"
        type="button"
      >
        AC
      </button>
      <button
        class="btn"
        data="+/-"
        type="button"
      >
        +/-
      </button>
      <button
        class="btn"
        data="%"
        type="button"
      >
        %
      </button>
      <button
        class="btn-operator"
        data="/"
        type="button"
      >
        ÷
      </button>
      <button
        class="btn"
        data="7"
        type="button"
      >
        7
      </button>
      <button
        class="btn"
        data="8"
        type="button"
      >
        8
      </button>
      <button
        class="btn"
        data="9"
        type="button"
      >
        9
      </button>
      <button
        class="btn-operator"
        data="*"
        type="button"
      >
        ×
      </button>
      <button
        class="btn"
        data="4"
        type="button"
      >
        4
      </button>
      <button
        class="btn"
        data="5"
        type="button"
      >
        5
      </button>
      <button
        class="btn"
        data="6"
        type="button"
      >
        6
      </button>
      <button
        class="btn-operator"
        data="-"
        type="button"
      >
        –
      </button>
      <button
        class="btn"
        data="1"
        type="button"
      >
        1
      </button>
      <button
        class="btn"
        data="2"
        type="button"
      >
        2
      </button>
      <button
        class="btn"
        data="3"
        type="button"
      >
        3
      </button>
      <button
        class="btn-operator"
        data="+"
        type="button"
      >
        +
      </button>
      <button
        class="btn btn-key"
        data="0"
        type="button"
      >
        0
      </button>
      <button
        class="btn"
        data="."
        type="button"
      >
        .
      </button>
      <button
        class="btn-operator"
        data="="
        type="button"
      >
        =
      </button>
    </div>
  </div>
</div>
`;
